(TestInitializeResponseConsistency/Validate_consistency_for_https://statsigapi.net/v1) [2023-03-13T15:55:53-07:00][Statsig] Initialize: Starting...
(TestInitializeResponseConsistency/Validate_consistency_for_https://statsigapi.net/v1) [2023-03-13T15:55:53-07:00][Statsig] Initialize: Retrying with network...
(TestInitializeResponseConsistency/Validate_consistency_for_https://statsigapi.net/v1) [2023-03-13T15:55:53-07:00][Statsig] Initialize: Loading specs from network...
(TestInitializeResponseConsistency/Validate_consistency_for_https://statsigapi.net/v1) [2023-03-13T15:55:53-07:00][Statsig] Initialize: Done loading specs
(TestInitializeResponseConsistency/Validate_consistency_for_https://statsigapi.net/v1) [2023-03-13T15:55:53-07:00][Statsig] Initialize: Processing specs...
(TestInitializeResponseConsistency/Validate_consistency_for_https://statsigapi.net/v1) [2023-03-13T15:55:53-07:00][Statsig] Initialize: Done processing specs
(TestInitializeResponseConsistency/Validate_consistency_for_https://statsigapi.net/v1) [2023-03-13T15:55:53-07:00][Statsig] Initialize: Done
(TestInitializeResponseConsistency/Validate_consistency_for_https://staging.statsigapi.net/v1) [2023-03-13T15:55:53-07:00][Statsig] Initialize: Starting...
(TestInitializeResponseConsistency/Validate_consistency_for_https://staging.statsigapi.net/v1) [2023-03-13T15:55:53-07:00][Statsig] Initialize: Retrying with network...
(TestInitializeResponseConsistency/Validate_consistency_for_https://staging.statsigapi.net/v1) [2023-03-13T15:55:53-07:00][Statsig] Initialize: Loading specs from network...
(TestInitializeResponseConsistency/Validate_consistency_for_https://staging.statsigapi.net/v1) [2023-03-13T15:55:53-07:00][Statsig] Initialize: Done loading specs
(TestInitializeResponseConsistency/Validate_consistency_for_https://staging.statsigapi.net/v1) [2023-03-13T15:55:53-07:00][Statsig] Initialize: Processing specs...
(TestInitializeResponseConsistency/Validate_consistency_for_https://staging.statsigapi.net/v1) [2023-03-13T15:55:53-07:00][Statsig] Initialize: Done processing specs
(TestInitializeResponseConsistency/Validate_consistency_for_https://staging.statsigapi.net/v1) [2023-03-13T15:55:53-07:00][Statsig] Initialize: Done
(TestCallingAPIsConcurrently) [2023-03-13T15:55:54-07:00][Statsig] Initialize: Starting...
(TestCallingAPIsConcurrently) [2023-03-13T15:55:54-07:00][Statsig] Initialize: Retrying with network...
(TestCallingAPIsConcurrently) [2023-03-13T15:55:54-07:00][Statsig] Initialize: Loading specs from network...
(TestCallingAPIsConcurrently) [2023-03-13T15:55:54-07:00][Statsig] Initialize: Done loading specs
(TestCallingAPIsConcurrently) [2023-03-13T15:55:54-07:00][Statsig] Initialize: Processing specs...
(TestCallingAPIsConcurrently) [2023-03-13T15:55:54-07:00][Statsig] Initialize: Done processing specs
(TestCallingAPIsConcurrently) [2023-03-13T15:55:54-07:00][Statsig] Initialize: Done
(TestUpdatingRulesAndFetchingValuesConcurrently) [2023-03-13T15:55:55-07:00][Statsig] Initialize: Starting...
(TestUpdatingRulesAndFetchingValuesConcurrently) [2023-03-13T15:55:55-07:00][Statsig] Initialize: Retrying with network...
(TestUpdatingRulesAndFetchingValuesConcurrently) [2023-03-13T15:55:55-07:00][Statsig] Initialize: Loading specs from network...
(TestUpdatingRulesAndFetchingValuesConcurrently) [2023-03-13T15:55:55-07:00][Statsig] Initialize: Done loading specs
(TestUpdatingRulesAndFetchingValuesConcurrently) [2023-03-13T15:55:55-07:00][Statsig] Initialize: Processing specs...
(TestUpdatingRulesAndFetchingValuesConcurrently) [2023-03-13T15:55:55-07:00][Statsig] Initialize: Done processing specs
(TestUpdatingRulesAndFetchingValuesConcurrently) [2023-03-13T15:55:55-07:00][Statsig] Initialize: Done
(TestOverrideAPIsConcurrency) [2023-03-13T15:55:59-07:00][Statsig] Initialize: Starting...
(TestOverrideAPIsConcurrency) [2023-03-13T15:55:59-07:00][Statsig] Initialize: Retrying with network...
(TestOverrideAPIsConcurrency) [2023-03-13T15:55:59-07:00][Statsig] Initialize: Loading specs from network...
(TestOverrideAPIsConcurrency) [2023-03-13T15:55:59-07:00][Statsig] Initialize: Done loading specs
(TestOverrideAPIsConcurrency) [2023-03-13T15:55:59-07:00][Statsig] Initialize: Processing specs...
(TestOverrideAPIsConcurrency) [2023-03-13T15:55:59-07:00][Statsig] Initialize: Done processing specs
(TestOverrideAPIsConcurrency) [2023-03-13T15:55:59-07:00][Statsig] Initialize: Done
(TestBootstrapWithAdapter) [2023-03-13T15:56:02-07:00][Statsig] Initialize: Starting...
(TestBootstrapWithAdapter) [2023-03-13T15:56:02-07:00][Statsig] Initialize: Loading specs from adapter...
(TestBootstrapWithAdapter) [2023-03-13T15:56:02-07:00][Statsig] Initialize: Done loading specs
(TestBootstrapWithAdapter) [2023-03-13T15:56:02-07:00][Statsig] Initialize: Processing specs...
(TestBootstrapWithAdapter) [2023-03-13T15:56:02-07:00][Statsig] Initialize: Done processing specs
(TestBootstrapWithAdapter) [2023-03-13T15:56:02-07:00][Statsig] Initialize: Done
(TestSaveToAdapter) [2023-03-13T15:56:02-07:00][Statsig] Initialize: Starting...
(TestSaveToAdapter) [2023-03-13T15:56:02-07:00][Statsig] Initialize: Loading specs from adapter...
(TestSaveToAdapter) [2023-03-13T15:56:02-07:00][Statsig] Initialize: Retrying with network...
(TestSaveToAdapter) [2023-03-13T15:56:02-07:00][Statsig] Initialize: Loading specs from network...
(TestSaveToAdapter) [2023-03-13T15:56:02-07:00][Statsig] Initialize: Done loading specs
(TestSaveToAdapter) [2023-03-13T15:56:02-07:00][Statsig] Initialize: Processing specs...
(TestSaveToAdapter) [2023-03-13T15:56:02-07:00][Statsig] Initialize: Done processing specs
(TestSaveToAdapter) [2023-03-13T15:56:02-07:00][Statsig] Initialize: Done
(TestIncorrectlyImplementedAdapter) [2023-03-13T15:56:02-07:00][Statsig] Initialize: Starting...
(TestIncorrectlyImplementedAdapter) [2023-03-13T15:56:02-07:00][Statsig] Initialize: Loading specs from adapter...
(TestIncorrectlyImplementedAdapter) [2023-03-13T15:56:02-07:00][Statsig] Initialize: Retrying with network...
(TestIncorrectlyImplementedAdapter) [2023-03-13T15:56:02-07:00][Statsig] Initialize: Loading specs from network...
(TestIncorrectlyImplementedAdapter) [2023-03-13T15:56:02-07:00][Statsig] Initialize: Done loading specs
(TestIncorrectlyImplementedAdapter) [2023-03-13T15:56:02-07:00][Statsig] Initialize: Processing specs...
(TestIncorrectlyImplementedAdapter) [2023-03-13T15:56:02-07:00][Statsig] Initialize: Done processing specs
(TestIncorrectlyImplementedAdapter) [2023-03-13T15:56:02-07:00][Statsig] Initialize: Done
(TestDCSError) [2023-03-13T15:56:02-07:00][Statsig] Initialize: Starting...
(TestDCSError) [2023-03-13T15:56:02-07:00][Statsig] Initialize: Retrying with network...
(TestDCSError) [2023-03-13T15:56:02-07:00][Statsig] Initialize: Loading specs from network...
(TestDCSError) [2023-03-13T15:56:02-07:00][Statsig] Initialize: Done
(TestEvaluationDetails) [2023-03-13T15:56:02-07:00][Statsig] Initialize: Starting...
(TestEvaluationDetails) [2023-03-13T15:56:02-07:00][Statsig] Initialize: Retrying with network...
(TestEvaluationDetails) [2023-03-13T15:56:02-07:00][Statsig] Initialize: Loading specs from network...
(TestEvaluationDetails) [2023-03-13T15:56:02-07:00][Statsig] Initialize: Done loading specs
(TestEvaluationDetails) [2023-03-13T15:56:02-07:00][Statsig] Initialize: Processing specs...
(TestEvaluationDetails) [2023-03-13T15:56:02-07:00][Statsig] Initialize: Done processing specs
(TestEvaluationDetails) [2023-03-13T15:56:02-07:00][Statsig] Initialize: Done
(TestEvaluationDetails) [2023-03-13T15:56:02-07:00][Statsig] Initialize: Starting...
(TestEvaluationDetails) [2023-03-13T15:56:02-07:00][Statsig] Initialize: Processing specs...
(TestEvaluationDetails) [2023-03-13T15:56:02-07:00][Statsig] Initialize: Done processing specs
(TestEvaluationDetails) [2023-03-13T15:56:02-07:00][Statsig] Initialize: Done
(TestEvaluationDetails) [2023-03-13T15:56:02-07:00][Statsig] Initialize: Starting...
(TestEvaluationDetails) [2023-03-13T15:56:02-07:00][Statsig] Initialize: Retrying with network...
(TestEvaluationDetails) [2023-03-13T15:56:02-07:00][Statsig] Initialize: Loading specs from network...
(TestEvaluationDetails) [2023-03-13T15:56:02-07:00][Statsig] Initialize: Done
(TestEvaluationDetails) [2023-03-13T15:56:02-07:00][Statsig] Initialize: Starting...
(TestEvaluationDetails) [2023-03-13T15:56:02-07:00][Statsig] Initialize: Retrying with network...
(TestEvaluationDetails) [2023-03-13T15:56:02-07:00][Statsig] Initialize: Loading specs from network...
(TestEvaluationDetails) [2023-03-13T15:56:02-07:00][Statsig] Initialize: Done loading specs
(TestEvaluationDetails) [2023-03-13T15:56:02-07:00][Statsig] Initialize: Processing specs...
(TestEvaluationDetails) [2023-03-13T15:56:02-07:00][Statsig] Initialize: Done processing specs
(TestEvaluationDetails) [2023-03-13T15:56:02-07:00][Statsig] Initialize: Done
(TestEvaluation) [2023-03-13T15:56:02-07:00][Statsig] Initialize: Starting...
(TestEvaluation) [2023-03-13T15:56:02-07:00][Statsig] Initialize: Retrying with network...
(TestEvaluation) [2023-03-13T15:56:02-07:00][Statsig] Initialize: Loading specs from network...
(TestEvaluation) [2023-03-13T15:56:02-07:00][Statsig] Initialize: Done loading specs
(TestEvaluation) [2023-03-13T15:56:02-07:00][Statsig] Initialize: Processing specs...
(TestEvaluation) [2023-03-13T15:56:02-07:00][Statsig] Initialize: Done processing specs
(TestEvaluation) [2023-03-13T15:56:02-07:00][Statsig] Initialize: Done
(TestEvaluation) [2023-03-13T15:56:03-07:00][Statsig] Initialize: Starting...
(TestEvaluation) [2023-03-13T15:56:03-07:00][Statsig] Initialize: Retrying with network...
(TestEvaluation) [2023-03-13T15:56:03-07:00][Statsig] Initialize: Loading specs from network...
(TestEvaluation) [2023-03-13T15:56:03-07:00][Statsig] Initialize: Done loading specs
(TestEvaluation) [2023-03-13T15:56:03-07:00][Statsig] Initialize: Processing specs...
(TestEvaluation) [2023-03-13T15:56:03-07:00][Statsig] Initialize: Done processing specs
(TestEvaluation) [2023-03-13T15:56:03-07:00][Statsig] Initialize: Done
(TestStatsigLocalMode) [2023-03-13T15:56:04-07:00][Statsig] Initialize: Starting...
(TestStatsigLocalMode) [2023-03-13T15:56:04-07:00][Statsig] Initialize: Retrying with network...
(TestStatsigLocalMode) [2023-03-13T15:56:04-07:00][Statsig] Initialize: Loading specs from network...
(TestStatsigLocalMode) [2023-03-13T15:56:04-07:00][Statsig] Initialize: Done loading specs
(TestStatsigLocalMode) [2023-03-13T15:56:04-07:00][Statsig] Initialize: Processing specs...
(TestStatsigLocalMode) [2023-03-13T15:56:04-07:00][Statsig] Initialize: Failed to process specs
(TestStatsigLocalMode) [2023-03-13T15:56:04-07:00][Statsig] Initialize: Done
(TestStatsigLocalMode) [2023-03-13T15:56:04-07:00][Statsig] Initialize: Starting...
(TestStatsigLocalMode) [2023-03-13T15:56:04-07:00][Statsig] Initialize: Retrying with network...
(TestStatsigLocalMode) [2023-03-13T15:56:04-07:00][Statsig] Initialize: Loading specs from network...
(TestStatsigLocalMode) [2023-03-13T15:56:04-07:00][Statsig] Initialize: Done loading specs
(TestStatsigLocalMode) [2023-03-13T15:56:04-07:00][Statsig] Initialize: Processing specs...
(TestStatsigLocalMode) [2023-03-13T15:56:04-07:00][Statsig] Initialize: Done processing specs
(TestStatsigLocalMode) [2023-03-13T15:56:04-07:00][Statsig] Initialize: Done
(TestInitTimeout/No_timeout_option) [2023-03-13T15:56:04-07:00][Statsig] Initialize: Starting...
(TestInitTimeout/No_timeout_option) [2023-03-13T15:56:04-07:00][Statsig] Initialize: Retrying with network...
(TestInitTimeout/No_timeout_option) [2023-03-13T15:56:04-07:00][Statsig] Initialize: Loading specs from network...
(TestInitTimeout/No_timeout_option) [2023-03-13T15:56:04-07:00][Statsig] Initialize: Done
(TestInitTimeout/Initalize_finish_before_timeout) [2023-03-13T15:56:04-07:00][Statsig] Initialize: Starting...
(TestInitTimeout/Initalize_finish_before_timeout) [2023-03-13T15:56:04-07:00][Statsig] Initialize: Retrying with network...
(TestInitTimeout/Initalize_finish_before_timeout) [2023-03-13T15:56:04-07:00][Statsig] Initialize: Loading specs from network...
(TestInitTimeout/Initalize_finish_before_timeout) [2023-03-13T15:56:04-07:00][Statsig] Initialize: Done
(TestInitTimeout/Initialize_timed_out) [2023-03-13T15:56:04-07:00][Statsig] Initialize: Starting...
(TestInitTimeout/Initialize_timed_out) [2023-03-13T15:56:04-07:00][Statsig] Initialize: Retrying with network...
(TestInitTimeout/Initialize_timed_out) [2023-03-13T15:56:04-07:00][Statsig] Initialize: Loading specs from network...
(TestInitTimeout/Initialize_timed_out) [2023-03-13T15:56:04-07:00][Statsig] Initialize: Timed out
(TestLayerExposure) [2023-03-13T15:56:04-07:00][Statsig] Initialize: Starting...
(TestLayerExposure) [2023-03-13T15:56:04-07:00][Statsig] Initialize: Retrying with network...
(TestLayerExposure) [2023-03-13T15:56:04-07:00][Statsig] Initialize: Loading specs from network...
(TestLayerExposure) [2023-03-13T15:56:04-07:00][Statsig] Initialize: Done loading specs
(TestLayerExposure) [2023-03-13T15:56:04-07:00][Statsig] Initialize: Processing specs...
(TestLayerExposure) [2023-03-13T15:56:04-07:00][Statsig] Initialize: Done processing specs
(TestLayerExposure) [2023-03-13T15:56:04-07:00][Statsig] Initialize: Done
(TestLayerExposure) [2023-03-13T15:56:04-07:00][Statsig] Initialize: Starting...
(TestLayerExposure) [2023-03-13T15:56:04-07:00][Statsig] Initialize: Retrying with network...
(TestLayerExposure) [2023-03-13T15:56:04-07:00][Statsig] Initialize: Loading specs from network...
(TestLayerExposure) [2023-03-13T15:56:04-07:00][Statsig] Initialize: Done loading specs
(TestLayerExposure) [2023-03-13T15:56:04-07:00][Statsig] Initialize: Processing specs...
(TestLayerExposure) [2023-03-13T15:56:04-07:00][Statsig] Initialize: Done processing specs
(TestInitTimeout/Initialize_timed_out) [2023-03-13T15:56:04-07:00][Statsig] Initialize: Done
(TestLayerExposure) [2023-03-13T15:56:04-07:00][Statsig] Initialize: Done
(TestLayerExposure) [2023-03-13T15:56:04-07:00][Statsig] Initialize: Starting...
(TestLayerExposure) [2023-03-13T15:56:04-07:00][Statsig] Initialize: Retrying with network...
(TestLayerExposure) [2023-03-13T15:56:04-07:00][Statsig] Initialize: Loading specs from network...
(TestLayerExposure) [2023-03-13T15:56:04-07:00][Statsig] Initialize: Done loading specs
(TestLayerExposure) [2023-03-13T15:56:04-07:00][Statsig] Initialize: Processing specs...
(TestLayerExposure) [2023-03-13T15:56:04-07:00][Statsig] Initialize: Done processing specs
(TestLayerExposure) [2023-03-13T15:56:04-07:00][Statsig] Initialize: Done
(TestLayerExposure) [2023-03-13T15:56:04-07:00][Statsig] Initialize: Starting...
(TestLayerExposure) [2023-03-13T15:56:04-07:00][Statsig] Initialize: Retrying with network...
(TestLayerExposure) [2023-03-13T15:56:04-07:00][Statsig] Initialize: Loading specs from network...
(TestLayerExposure) [2023-03-13T15:56:04-07:00][Statsig] Initialize: Done loading specs
(TestLayerExposure) [2023-03-13T15:56:04-07:00][Statsig] Initialize: Processing specs...
(TestLayerExposure) [2023-03-13T15:56:04-07:00][Statsig] Initialize: Done processing specs
(TestLayerExposure) [2023-03-13T15:56:04-07:00][Statsig] Initialize: Done
(TestLayerExposure) [2023-03-13T15:56:04-07:00][Statsig] Initialize: Starting...
(TestLayerExposure) [2023-03-13T15:56:04-07:00][Statsig] Initialize: Retrying with network...
(TestLayerExposure) [2023-03-13T15:56:04-07:00][Statsig] Initialize: Loading specs from network...
(TestLayerExposure) [2023-03-13T15:56:04-07:00][Statsig] Initialize: Done loading specs
(TestLayerExposure) [2023-03-13T15:56:04-07:00][Statsig] Initialize: Processing specs...
(TestLayerExposure) [2023-03-13T15:56:04-07:00][Statsig] Initialize: Done processing specs
(TestLayerExposure) [2023-03-13T15:56:04-07:00][Statsig] Initialize: Done
(TestLayerExposure) [2023-03-13T15:56:04-07:00][Statsig] Initialize: Starting...
(TestLayerExposure) [2023-03-13T15:56:04-07:00][Statsig] Initialize: Retrying with network...
(TestLayerExposure) [2023-03-13T15:56:04-07:00][Statsig] Initialize: Loading specs from network...
(TestLayerExposure) [2023-03-13T15:56:04-07:00][Statsig] Initialize: Done loading specs
(TestLayerExposure) [2023-03-13T15:56:04-07:00][Statsig] Initialize: Processing specs...
(TestLayerExposure) [2023-03-13T15:56:04-07:00][Statsig] Initialize: Done processing specs
(TestLayerExposure) [2023-03-13T15:56:04-07:00][Statsig] Initialize: Done
(TestManualExposure) [2023-03-13T15:56:04-07:00][Statsig] Initialize: Starting...
(TestManualExposure) [2023-03-13T15:56:04-07:00][Statsig] Initialize: Retrying with network...
(TestManualExposure) [2023-03-13T15:56:04-07:00][Statsig] Initialize: Loading specs from network...
(TestManualExposure) [2023-03-13T15:56:04-07:00][Statsig] Initialize: Done loading specs
(TestManualExposure) [2023-03-13T15:56:04-07:00][Statsig] Initialize: Processing specs...
(TestManualExposure) [2023-03-13T15:56:04-07:00][Statsig] Initialize: Done processing specs
(TestManualExposure) [2023-03-13T15:56:04-07:00][Statsig] Initialize: Done
(TestManualExposure) [2023-03-13T15:56:04-07:00][Statsig] Initialize: Starting...
(TestManualExposure) [2023-03-13T15:56:04-07:00][Statsig] Initialize: Retrying with network...
(TestManualExposure) [2023-03-13T15:56:04-07:00][Statsig] Initialize: Loading specs from network...
(TestManualExposure) [2023-03-13T15:56:04-07:00][Statsig] Initialize: Done loading specs
(TestManualExposure) [2023-03-13T15:56:04-07:00][Statsig] Initialize: Processing specs...
(TestManualExposure) [2023-03-13T15:56:04-07:00][Statsig] Initialize: Done processing specs
(TestManualExposure) [2023-03-13T15:56:04-07:00][Statsig] Initialize: Done
(TestOverrides) [2023-03-13T15:56:04-07:00][Statsig] Initialize: Starting...
(TestOverrides) [2023-03-13T15:56:04-07:00][Statsig] Initialize: Retrying with network...
(TestOverrides) [2023-03-13T15:56:04-07:00][Statsig] Initialize: Loading specs from network...
(TestOverrides) [2023-03-13T15:56:04-07:00][Statsig] Initialize: Done loading specs
(TestOverrides) [2023-03-13T15:56:04-07:00][Statsig] Initialize: Processing specs...
(TestOverrides) [2023-03-13T15:56:04-07:00][Statsig] Initialize: Failed to process specs
(TestOverrides) [2023-03-13T15:56:04-07:00][Statsig] Initialize: Done
(TestBootstrap) [2023-03-13T15:56:04-07:00][Statsig] Initialize: Starting...
(TestBootstrap) [2023-03-13T15:56:04-07:00][Statsig] Initialize: Retrying with network...
(TestBootstrap) [2023-03-13T15:56:04-07:00][Statsig] Initialize: Loading specs from network...
(TestBootstrap) [2023-03-13T15:56:05-07:00][Statsig] Initialize: Done
(TestBootstrap) [2023-03-13T15:56:05-07:00][Statsig] Initialize: Starting...
(TestBootstrap) [2023-03-13T15:56:05-07:00][Statsig] Initialize: Processing specs...
(TestBootstrap) [2023-03-13T15:56:05-07:00][Statsig] Initialize: Done processing specs
(TestBootstrap) [2023-03-13T15:56:05-07:00][Statsig] Initialize: Done
(TestRulesUpdatedCallback) [2023-03-13T15:56:05-07:00][Statsig] Initialize: Starting...
(TestRulesUpdatedCallback) [2023-03-13T15:56:05-07:00][Statsig] Initialize: Retrying with network...
(TestRulesUpdatedCallback) [2023-03-13T15:56:05-07:00][Statsig] Initialize: Loading specs from network...
(TestRulesUpdatedCallback) [2023-03-13T15:56:05-07:00][Statsig] Initialize: Done loading specs
(TestRulesUpdatedCallback) [2023-03-13T15:56:05-07:00][Statsig] Initialize: Processing specs...
(TestRulesUpdatedCallback) [2023-03-13T15:56:05-07:00][Statsig] Initialize: Done processing specs
(TestRulesUpdatedCallback) [2023-03-13T15:56:05-07:00][Statsig] Initialize: Done
(TestRulesUpdatedCallback) [2023-03-13T15:56:05-07:00][Statsig] Initialize: Starting...
(TestRulesUpdatedCallback) [2023-03-13T15:56:05-07:00][Statsig] Initialize: Processing specs...
(TestRulesUpdatedCallback) [2023-03-13T15:56:05-07:00][Statsig] Initialize: Done processing specs
(TestRulesUpdatedCallback) [2023-03-13T15:56:05-07:00][Statsig] Initialize: Done
(TestLogImmediate) [2023-03-13T15:56:05-07:00][Statsig] Initialize: Starting...
(TestLogImmediate) [2023-03-13T15:56:05-07:00][Statsig] Initialize: Retrying with network...
(TestLogImmediate) [2023-03-13T15:56:05-07:00][Statsig] Initialize: Loading specs from network...
(TestLogImmediate) [2023-03-13T15:56:05-07:00][Statsig] Initialize: Done
(TestStoreSyncFailure) [2023-03-13T15:56:05-07:00][Statsig] Initialize: Starting...
(TestStoreSyncFailure) [2023-03-13T15:56:05-07:00][Statsig] Initialize: Retrying with network...
(TestStoreSyncFailure) [2023-03-13T15:56:05-07:00][Statsig] Initialize: Loading specs from network...
(TestStoreSyncFailure) [2023-03-13T15:56:05-07:00][Statsig] Initialize: Done
(TestStoreSyncFailure) [2023-03-13T15:56:05-07:00][Statsig] Initialize: Loading specs from network...
(TestStoreSyncFailure) [2023-03-13T15:56:05-07:00][Statsig] Initialize: Loading specs from network...
(TestStoreSync) [2023-03-13T15:56:05-07:00][Statsig] Initialize: Retrying with network...
(TestStoreSync) [2023-03-13T15:56:05-07:00][Statsig] Initialize: Loading specs from network...
(TestStoreSync) [2023-03-13T15:56:05-07:00][Statsig] Initialize: Done loading specs
(TestStoreSync) [2023-03-13T15:56:05-07:00][Statsig] Initialize: Processing specs...
(TestStoreSync) [2023-03-13T15:56:05-07:00][Statsig] Initialize: Done processing specs
(TestStoreSyncFailure) [2023-03-13T15:56:05-07:00][Statsig] Initialize: Loading specs from network...
(TestStoreSyncFailure) [2023-03-13T15:56:05-07:00][Statsig] Initialize: Loading specs from network...
(TestStoreSyncFailure) [2023-03-13T15:56:05-07:00][Statsig] Initialize: Loading specs from network...
(TestStoreSyncFailure) [2023-03-13T15:56:06-07:00][Statsig] Initialize: Loading specs from network...
(TestStoreSyncFailure) [2023-03-13T15:56:06-07:00][Statsig] Initialize: Loading specs from network...
(TestStoreSyncFailure) [2023-03-13T15:56:06-07:00][Statsig] Initialize: Loading specs from network...
(TestStoreSyncFailure) [2023-03-13T15:56:06-07:00][Statsig] Initialize: Loading specs from network...
(TestStoreSyncFailure) [2023-03-13T15:56:06-07:00][Statsig] Initialize: Loading specs from network...
(TestStoreSyncFailure) [2023-03-13T15:56:06-07:00][Statsig] Initialize: Loading specs from network...
(TestStoreSyncFailure) [2023-03-13T15:56:06-07:00][Statsig] Initialize: Loading specs from network...
(TestStoreSyncFailure) [2023-03-13T15:56:06-07:00][Statsig] Initialize: Loading specs from network...
(TestStoreSyncFailure) [2023-03-13T15:56:06-07:00][Statsig] Initialize: Loading specs from network...
(TestStoreSyncFailure) [2023-03-13T15:56:07-07:00][Statsig] Initialize: Loading specs from network...
(TestStoreSyncFailure) [2023-03-13T15:56:07-07:00][Statsig] Initialize: Loading specs from network...
(TestStoreSyncFailure) [2023-03-13T15:56:07-07:00][Statsig] Initialize: Loading specs from network...
(TestStoreSyncFailure) [2023-03-13T15:56:07-07:00][Statsig] Initialize: Loading specs from network...
(TestStoreSyncFailure) [2023-03-13T15:56:07-07:00][Statsig] Initialize: Loading specs from network...
(TestStoreSyncFailure) [2023-03-13T15:56:07-07:00][Statsig] Initialize: Loading specs from network...
(TestStoreSyncFailure) [2023-03-13T15:56:07-07:00][Statsig] Initialize: Loading specs from network...
(TestStoreSyncFailure) [2023-03-13T15:56:07-07:00][Statsig] Initialize: Loading specs from network...
(TestStoreSyncFailure) [2023-03-13T15:56:07-07:00][Statsig] Initialize: Loading specs from network...
(TestStoreSyncFailure) [2023-03-13T15:56:07-07:00][Statsig] Initialize: Loading specs from network...
(TestStoreSyncFailure) [2023-03-13T15:56:08-07:00][Statsig] Initialize: Loading specs from network...
(TestStoreSyncFailure) [2023-03-13T15:56:08-07:00][Statsig] Initialize: Loading specs from network...
(TestStoreSyncFailure) [2023-03-13T15:56:08-07:00][Statsig] Initialize: Loading specs from network...
(TestStoreSyncFailure) [2023-03-13T15:56:08-07:00][Statsig] Initialize: Loading specs from network...
(TestStoreSyncFailure) [2023-03-13T15:56:08-07:00][Statsig] Initialize: Loading specs from network...
(TestStoreSyncFailure) [2023-03-13T15:56:08-07:00][Statsig] Initialize: Loading specs from network...
(TestStoreSyncFailure) [2023-03-13T15:56:08-07:00][Statsig] Initialize: Loading specs from network...
(TestStoreSyncFailure) [2023-03-13T15:56:08-07:00][Statsig] Initialize: Loading specs from network...
(TestStoreSyncFailure) [2023-03-13T15:56:08-07:00][Statsig] Initialize: Loading specs from network...
(TestStoreSyncFailure) [2023-03-13T15:56:08-07:00][Statsig] Initialize: Loading specs from network...
(TestStoreSyncFailure) [2023-03-13T15:56:09-07:00][Statsig] Initialize: Loading specs from network...
(TestStoreSyncFailure) [2023-03-13T15:56:09-07:00][Statsig] Initialize: Loading specs from network...
(TestStoreSyncFailure) [2023-03-13T15:56:09-07:00][Statsig] Initialize: Loading specs from network...
(TestStoreSyncFailure) [2023-03-13T15:56:09-07:00][Statsig] Initialize: Loading specs from network...
(TestStoreSyncFailure) [2023-03-13T15:56:09-07:00][Statsig] Initialize: Loading specs from network...
(TestStoreSyncFailure) [2023-03-13T15:56:09-07:00][Statsig] Initialize: Loading specs from network...
(TestStoreSyncFailure) [2023-03-13T15:56:09-07:00][Statsig] Initialize: Loading specs from network...
(TestStoreSyncFailure) [2023-03-13T15:56:09-07:00][Statsig] Initialize: Loading specs from network...
(TestStoreSyncFailure) [2023-03-13T15:56:09-07:00][Statsig] Initialize: Loading specs from network...
(TestStoreSyncFailure) [2023-03-13T15:56:09-07:00][Statsig] Initialize: Loading specs from network...
(TestStoreSyncFailure) [2023-03-13T15:56:10-07:00][Statsig] Initialize: Loading specs from network...
(TestStoreSyncFailure) [2023-03-13T15:56:10-07:00][Statsig] Initialize: Loading specs from network...
(TestStoreSyncFailure) [2023-03-13T15:56:10-07:00][Statsig] Initialize: Loading specs from network...
(TestStoreSyncFailure) [2023-03-13T15:56:10-07:00][Statsig] Initialize: Loading specs from network...
(TestStoreSyncFailure) [2023-03-13T15:56:10-07:00][Statsig] Initialize: Loading specs from network...
(TestStoreSyncFailure) [2023-03-13T15:56:10-07:00][Statsig] Initialize: Loading specs from network...
(TestStoreSyncFailure) [2023-03-13T15:56:10-07:00][Statsig] Initialize: Loading specs from network...
(TestStoreSyncFailure) [2023-03-13T15:56:10-07:00][Statsig] Initialize: Loading specs from network...
(TestStoreSyncFailure) [2023-03-13T15:56:10-07:00][Statsig] Initialize: Loading specs from network...
(TestStoreSyncFailure) [2023-03-13T15:56:10-07:00][Statsig] Initialize: Loading specs from network...
(TestStoreSyncFailure) [2023-03-13T15:56:11-07:00][Statsig] Initialize: Loading specs from network...
(TestStoreSyncFailure) [2023-03-13T15:56:11-07:00][Statsig] Initialize: Loading specs from network...
(TestStoreSyncFailure) [2023-03-13T15:56:11-07:00][Statsig] Initialize: Loading specs from network...
(TestStoreSyncFailure) [2023-03-13T15:56:11-07:00][Statsig] Initialize: Loading specs from network...
(TestStoreSyncFailure) [2023-03-13T15:56:11-07:00][Statsig] Initialize: Loading specs from network...
(TestStoreSyncFailure) [2023-03-13T15:56:11-07:00][Statsig] Initialize: Loading specs from network...
(TestStoreSyncFailure) [2023-03-13T15:56:11-07:00][Statsig] Initialize: Loading specs from network...
(TestStoreSyncFailure) [2023-03-13T15:56:11-07:00][Statsig] Initialize: Loading specs from network...
(TestStoreSyncFailure) [2023-03-13T15:56:11-07:00][Statsig] Initialize: Loading specs from network...
(TestStoreSyncFailure) [2023-03-13T15:56:11-07:00][Statsig] Initialize: Loading specs from network...
(TestStoreSyncFailure) [2023-03-13T15:56:12-07:00][Statsig] Initialize: Loading specs from network...
(TestStoreSyncFailure) [2023-03-13T15:56:12-07:00][Statsig] Initialize: Loading specs from network...
